../Core/Src/lcd.c:46:6:LCD_WR_REG	16	static
../Core/Src/lcd.c:61:6:LCD_WR_DATA	16	static
../Core/Src/lcd.c:69:4:LCD_RD_DATA	16	static
../Core/Src/lcd.c:89:6:LCD_WriteReg	16	static
../Core/Src/lcd.c:95:4:LCD_ReadReg	16	static
../Core/Src/lcd.c:108:6:LCD_WriteRAM_Prepare	8	static
../Core/Src/lcd.c:114:6:LCD_ReadRAM_Prepare	8	static
../Core/Src/lcd.c:126:6:Lcd_WriteData_16Bit	16	static
../Core/Src/lcd.c:135:5:Lcd_ReadData_16Bit	16	static
../Core/Src/lcd.c:161:6:LCD_DrawPoint	16	static
../Core/Src/lcd.c:167:5:LCD_ReadPoint	24	static
../Core/Src/lcd.c:182:6:LCD_Clear	32	static
../Core/Src/lcd.c:242:6:LCD_GPIOInit	4	static
../Core/Src/lcd.c:267:6:LCD_RESET	8	static
../Core/Src/lcd.c:282:6:LCD_Init	8	static
../Core/Src/lcd.c:385:6:LCD_SetWindows	24	static
../Core/Src/lcd.c:410:6:LCD_SetCursor	16	static
../Core/Src/lcd.c:425:6:LCD_direction	16	static
../Core/Src/lcd.c:457:5:LCD_Read_ID	24	static
../Core/Src/lcd.c:496:6:Gui_Drawbmp16	24	static
../Core/Src/lcd.c:528:6:Pic_test	8	static
../Core/Src/lcd.c:550:6:LCD_Fill	32	static
../Core/Src/lcd.c:590:6:LCD_DrawLine	64	static
../Core/Src/lcd.c:628:6:LCD_Fill_DMA	72	static,ignoring_inline_asm
