../Core/Src/main.c:79:13:event_handler	24	static
../Core/Src/main.c:99:6:Set_Servo_Angle	24	static
../Core/Src/main.c:112:6:Auto_Mode_1	8	static
../Core/Src/main.c:121:6:Auto_Mode_2	8	static
../Core/Src/main.c:131:6:Auto_Mode_3	16	static
../Core/Src/main.c:145:6:Write_Led_PE3	16	static
../Core/Src/main.c:164:5:main	24	static,ignoring_inline_asm
../Core/Src/main.c:246:6:SystemClock_Config	120	static
../Core/Src/main.c:307:6:MPU_Config	24	static
../Core/Src/main.c:350:6:HAL_TIM_PeriodElapsedCallback	16	static
../Core/Src/main.c:369:6:Error_Handler	4	static,ignoring_inline_asm
