../Drivers/UI/screens/ui_AutoScreen.c:24:6:ui_event_HomeButton5	32	static
../Drivers/UI/screens/ui_AutoScreen.c:33:6:ui_event_Mode1Button	24	static
../Drivers/UI/screens/ui_AutoScreen.c:50:6:ui_event_Mode2Button	24	static
../Drivers/UI/screens/ui_AutoScreen.c:67:6:ui_event_Mode3Button	24	static
../Drivers/UI/screens/ui_AutoScreen.c:84:6:ui_event_startstopButton	24	static
../Drivers/UI/screens/ui_AutoScreen.c:97:6:ui_event_ViewDataButton1	32	static
../Drivers/UI/screens/ui_AutoScreen.c:108:6:ui_AutoScreen_screen_init	144	static
../Drivers/UI/screens/ui_AutoScreen.c:316:6:ui_AutoScreen_screen_destroy	8	static
