F:/Git_Clone/STM32_UI_Designer_LVGL/TEST_LCD_TOUCH_4INCH/Drivers/lvgl/src/core/lv_obj_style_gen.h:154:23:lv_obj_get_style_pad_top	24	static
F:/Git_Clone/STM32_UI_Designer_LVGL/TEST_LCD_TOUCH_4INCH/Drivers/lvgl/src/core/lv_obj_style_gen.h:172:23:lv_obj_get_style_pad_right	24	static
../Drivers/UI/screens/ui_ManualScreen.c:29:6:ui_event_HomeButton2	32	static
../Drivers/UI/screens/ui_ManualScreen.c:38:6:ui_event_Slider1	24	static
../Drivers/UI/screens/ui_ManualScreen.c:49:6:ui_ManualScreen_screen_init	96	static
../Drivers/UI/screens/ui_ManualScreen.c:293:6:ui_ManualScreen_screen_destroy	8	static
