../Drivers/UI/screens/ui_MainMenu.c:36:6:ui_event_AutoButton	32	static
../Drivers/UI/screens/ui_MainMenu.c:45:6:ui_event_ManualButton	32	static
../Drivers/UI/screens/ui_MainMenu.c:54:6:ui_event_CalibButton	32	static
../Drivers/UI/screens/ui_MainMenu.c:63:6:ui_event_ViewDataButton	32	static
../Drivers/UI/screens/ui_MainMenu.c:72:6:ui_event_SettingButton	32	static
../Drivers/UI/screens/ui_MainMenu.c:83:6:ui_MainMenu_screen_init	184	static
../Drivers/UI/screens/ui_MainMenu.c:445:6:ui_MainMenu_screen_destroy	8	static
